
C:\Users\ptiringo\Documents\workspace-sts-3.7.0.RELEASE\qqiq-api>rem @ruby.exe "C:\Program Files (x86)\Heroku\bin\heroku" local web 
forego | starting web.1 on port 5000
web.1  | 
web.1  |   .   ____          _            __ _ _
web.1  |  :: Spring Boot ::        (v1.2.6.RELEASE)                                                                                                                                                                                                                                                                                                                                                                                                                                                                                                                                                                                                                                                                                                                                                                                                                                                                                                                                                                                                                      
web.1  | 
web.1  | 2015-10-16 22:31:25.436  INFO 9908 --- [           main] jp.co.qqiq.Application                   : Starting Application on Lime with PID 9908 (C:\Users\ptiringo\Documents\workspace-sts-3.7.0.RELEASE\qqiq-api\build\libs\qqiq-api-0.0.1-SNAPSHOT.jar started by ptiringo in C:\Users\ptiringo\Documents\workspace-sts-3.7.0.RELEASE\qqiq-api)
web.1  | 2015-10-16 22:31:25.662  INFO 9908 --- [           main] ationConfigEmbeddedWebApplicationContext : Refreshing org.springframework.boot.context.embedded.AnnotationConfigEmbeddedWebApplicationContext@482babf4: startup date [Fri Oct 16 22:31:25 JST 2015]; root of context hierarchy
      | ctrl-c detected
forego | Killing web.1
